// Jest Snapshot v1, https://goo.gl/fbAQLP

exports[`should render correctly 1`] = `
<div>
  <StockScreen
    end={2021-05-02T02:06:27.633Z}
    isOpen={true}
    name="Apple Inc (AAPL) Prices, Dividends, Splits and Trading Volume"
    onChangeDates={[Function]}
    onOpenCalendar={[Function]}
    start={2021-05-02T02:06:27.633Z}
    stocks={Array []}
    ticker="AAPL"
  />
</div>
`;
