// Jest Snapshot v1, https://goo.gl/fbAQLP

exports[`should render correctly 1`] = `
<StockScreen
  date={
    Object {
      "end": "03 May, 2021",
      "start": "03 May, 2021",
    }
  }
  end="03 May, 2021"
  isOpen={true}
  loading={true}
  name=""
  onChangeDates={[Function]}
  onOpenCalendar={[Function]}
  start="03 May, 2021"
  stocks={Array []}
  ticker="ticker"
/>
`;
