// Jest Snapshot v1, https://goo.gl/fbAQLP

exports[`should render correctly 1`] = `
<div>
  <StockScreen
    end="29 April, 2003"
    name="Apple Inc (AAPL) Prices, Dividends, Splits and Trading Volume"
    onChangeDates={[Function]}
    start="29 April, 1994"
    stocks={Array []}
    ticker="AAPL"
  />
</div>
`;
